[0.409s] Invoking command in '/home/ubuntu/ros-/ros2_ws/build/my_robot_controller': PYTHONPATH=/home/ubuntu/ros-/ros2_ws/build/my_robot_controller/prefix_override:/usr/lib/python3/dist-packages/colcon_core/task/python/colcon_distutils_commands:/home/ubuntu/ros-/ros2_ws/install/my_robot_controller/lib/python3.12/site-packages:${PYTHONPATH} /usr/bin/python3 -W ignore:setup.py install is deprecated setup.py develop --editable --build-directory /home/ubuntu/ros-/ros2_ws/build/my_robot_controller/build --no-deps symlink_data
[0.548s] running develop
[0.549s] /usr/lib/python3/dist-packages/setuptools/command/develop.py:40: EasyInstallDeprecationWarning: easy_install command is deprecated.
[0.549s] !!
[0.549s] 
[0.549s]         ********************************************************************************
[0.549s]         Please avoid running ``setup.py`` and ``easy_install``.
[0.549s]         Instead, use pypa/build, pypa/installer or other
[0.549s]         standards-based tools.
[0.549s] 
[0.549s]         See https://github.com/pypa/setuptools/issues/917 for details.
[0.549s]         ********************************************************************************
[0.549s] 
[0.549s] !!
[0.549s]   easy_install.initialize_options(self)
[0.623s] running egg_info
[0.630s] writing my_robot_controller.egg-info/PKG-INFO
[0.630s] writing dependency_links to my_robot_controller.egg-info/dependency_links.txt
[0.630s] writing entry points to my_robot_controller.egg-info/entry_points.txt
[0.630s] writing requirements to my_robot_controller.egg-info/requires.txt
[0.630s] writing top-level names to my_robot_controller.egg-info/top_level.txt
[0.646s] reading manifest file 'my_robot_controller.egg-info/SOURCES.txt'
[0.647s] writing manifest file 'my_robot_controller.egg-info/SOURCES.txt'
[0.655s] running build_ext
[0.656s] Creating /home/ubuntu/ros-/ros2_ws/install/my_robot_controller/lib/python3.12/site-packages/my-robot-controller.egg-link (link to .)
[0.657s] Installing draw_cycle script to /home/ubuntu/ros-/ros2_ws/install/my_robot_controller/lib/my_robot_controller
[0.657s] Installing test_node script to /home/ubuntu/ros-/ros2_ws/install/my_robot_controller/lib/my_robot_controller
[0.657s] 
[0.657s] Installed /home/ubuntu/ros-/ros2_ws/build/my_robot_controller
[0.657s] running symlink_data
[0.674s] Invoked command in '/home/ubuntu/ros-/ros2_ws/build/my_robot_controller' returned '0': PYTHONPATH=/home/ubuntu/ros-/ros2_ws/build/my_robot_controller/prefix_override:/usr/lib/python3/dist-packages/colcon_core/task/python/colcon_distutils_commands:/home/ubuntu/ros-/ros2_ws/install/my_robot_controller/lib/python3.12/site-packages:${PYTHONPATH} /usr/bin/python3 -W ignore:setup.py install is deprecated setup.py develop --editable --build-directory /home/ubuntu/ros-/ros2_ws/build/my_robot_controller/build --no-deps symlink_data
