/home/ubuntu/ros-/ros2_ws/install/my_robot_controller/lib/python3.12/site-packages/my_robot_controller/pose_subscriber.py
/home/ubuntu/ros-/ros2_ws/install/my_robot_controller/lib/python3.12/site-packages/my_robot_controller/draw_cycle.py
/home/ubuntu/ros-/ros2_ws/install/my_robot_controller/lib/python3.12/site-packages/my_robot_controller/__init__.py
/home/ubuntu/ros-/ros2_ws/install/my_robot_controller/lib/python3.12/site-packages/my_robot_controller/my_first_node.py
/home/ubuntu/ros-/ros2_ws/install/my_robot_controller/lib/python3.12/site-packages/my_robot_controller/__pycache__/pose_subscriber.cpython-312.pyc
/home/ubuntu/ros-/ros2_ws/install/my_robot_controller/lib/python3.12/site-packages/my_robot_controller/__pycache__/draw_cycle.cpython-312.pyc
/home/ubuntu/ros-/ros2_ws/install/my_robot_controller/lib/python3.12/site-packages/my_robot_controller/__pycache__/__init__.cpython-312.pyc
/home/ubuntu/ros-/ros2_ws/install/my_robot_controller/lib/python3.12/site-packages/my_robot_controller/__pycache__/my_first_node.cpython-312.pyc
/home/ubuntu/ros-/ros2_ws/install/my_robot_controller/share/ament_index/resource_index/packages/my_robot_controller
/home/ubuntu/ros-/ros2_ws/install/my_robot_controller/share/my_robot_controller/package.xml
/home/ubuntu/ros-/ros2_ws/install/my_robot_controller/lib/python3.12/site-packages/my_robot_controller-0.0.0-py3.12.egg-info/PKG-INFO
/home/ubuntu/ros-/ros2_ws/install/my_robot_controller/lib/python3.12/site-packages/my_robot_controller-0.0.0-py3.12.egg-info/top_level.txt
/home/ubuntu/ros-/ros2_ws/install/my_robot_controller/lib/python3.12/site-packages/my_robot_controller-0.0.0-py3.12.egg-info/requires.txt
/home/ubuntu/ros-/ros2_ws/install/my_robot_controller/lib/python3.12/site-packages/my_robot_controller-0.0.0-py3.12.egg-info/zip-safe
/home/ubuntu/ros-/ros2_ws/install/my_robot_controller/lib/python3.12/site-packages/my_robot_controller-0.0.0-py3.12.egg-info/dependency_links.txt
/home/ubuntu/ros-/ros2_ws/install/my_robot_controller/lib/python3.12/site-packages/my_robot_controller-0.0.0-py3.12.egg-info/SOURCES.txt
/home/ubuntu/ros-/ros2_ws/install/my_robot_controller/lib/python3.12/site-packages/my_robot_controller-0.0.0-py3.12.egg-info/entry_points.txt
/home/ubuntu/ros-/ros2_ws/install/my_robot_controller/lib/my_robot_controller/draw_cycle
/home/ubuntu/ros-/ros2_ws/install/my_robot_controller/lib/my_robot_controller/pose_subscriber
/home/ubuntu/ros-/ros2_ws/install/my_robot_controller/lib/my_robot_controller/test_node
