running develop
/usr/lib/python3/dist-packages/setuptools/command/develop.py:40: EasyInstallDeprecationWarning: easy_install command is deprecated.
!!

        ********************************************************************************
        Please avoid running ``setup.py`` and ``easy_install``.
        Instead, use pypa/build, pypa/installer or other
        standards-based tools.

        See https://github.com/pypa/setuptools/issues/917 for details.
        ********************************************************************************

!!
  easy_install.initialize_options(self)
Removing /home/ubuntu/ros-/ros2_ws/install/my_robot_controller/lib/python3.12/site-packages/my-robot-controller.egg-link (link to .)
running egg_info
writing ../../build/my_robot_controller/my_robot_controller.egg-info/PKG-INFO
writing dependency_links to ../../build/my_robot_controller/my_robot_controller.egg-info/dependency_links.txt
writing entry points to ../../build/my_robot_controller/my_robot_controller.egg-info/entry_points.txt
writing requirements to ../../build/my_robot_controller/my_robot_controller.egg-info/requires.txt
writing top-level names to ../../build/my_robot_controller/my_robot_controller.egg-info/top_level.txt
reading manifest file '../../build/my_robot_controller/my_robot_controller.egg-info/SOURCES.txt'
writing manifest file '../../build/my_robot_controller/my_robot_controller.egg-info/SOURCES.txt'
running build
running build_py
copying my_robot_controller/pose_subscriber.py -> /home/ubuntu/ros-/ros2_ws/build/my_robot_controller/build/lib/my_robot_controller
copying my_robot_controller/draw_cycle.py -> /home/ubuntu/ros-/ros2_ws/build/my_robot_controller/build/lib/my_robot_controller
running install
running install_lib
creating /home/ubuntu/ros-/ros2_ws/install/my_robot_controller/lib/python3.12/site-packages/my_robot_controller
copying /home/ubuntu/ros-/ros2_ws/build/my_robot_controller/build/lib/my_robot_controller/pose_subscriber.py -> /home/ubuntu/ros-/ros2_ws/install/my_robot_controller/lib/python3.12/site-packages/my_robot_controller
copying /home/ubuntu/ros-/ros2_ws/build/my_robot_controller/build/lib/my_robot_controller/draw_cycle.py -> /home/ubuntu/ros-/ros2_ws/install/my_robot_controller/lib/python3.12/site-packages/my_robot_controller
copying /home/ubuntu/ros-/ros2_ws/build/my_robot_controller/build/lib/my_robot_controller/__init__.py -> /home/ubuntu/ros-/ros2_ws/install/my_robot_controller/lib/python3.12/site-packages/my_robot_controller
copying /home/ubuntu/ros-/ros2_ws/build/my_robot_controller/build/lib/my_robot_controller/my_first_node.py -> /home/ubuntu/ros-/ros2_ws/install/my_robot_controller/lib/python3.12/site-packages/my_robot_controller
byte-compiling /home/ubuntu/ros-/ros2_ws/install/my_robot_controller/lib/python3.12/site-packages/my_robot_controller/pose_subscriber.py to pose_subscriber.cpython-312.pyc
byte-compiling /home/ubuntu/ros-/ros2_ws/install/my_robot_controller/lib/python3.12/site-packages/my_robot_controller/draw_cycle.py to draw_cycle.cpython-312.pyc
byte-compiling /home/ubuntu/ros-/ros2_ws/install/my_robot_controller/lib/python3.12/site-packages/my_robot_controller/__init__.py to __init__.cpython-312.pyc
byte-compiling /home/ubuntu/ros-/ros2_ws/install/my_robot_controller/lib/python3.12/site-packages/my_robot_controller/my_first_node.py to my_first_node.cpython-312.pyc
running install_data
copying resource/my_robot_controller -> /home/ubuntu/ros-/ros2_ws/install/my_robot_controller/share/ament_index/resource_index/packages
copying package.xml -> /home/ubuntu/ros-/ros2_ws/install/my_robot_controller/share/my_robot_controller
running install_egg_info
Copying ../../build/my_robot_controller/my_robot_controller.egg-info to /home/ubuntu/ros-/ros2_ws/install/my_robot_controller/lib/python3.12/site-packages/my_robot_controller-0.0.0-py3.12.egg-info
running install_scripts
Installing draw_cycle script to /home/ubuntu/ros-/ros2_ws/install/my_robot_controller/lib/my_robot_controller
Installing pose_subscriber script to /home/ubuntu/ros-/ros2_ws/install/my_robot_controller/lib/my_robot_controller
Installing test_node script to /home/ubuntu/ros-/ros2_ws/install/my_robot_controller/lib/my_robot_controller
writing list of installed files to '/home/ubuntu/ros-/ros2_ws/build/my_robot_controller/install.log'
