[0.343s] Invoking command in '/home/ubuntu/ros-/ros2_ws/build/my_robot_controller': PYTHONPATH=/home/ubuntu/ros-/ros2_ws/build/my_robot_controller/prefix_override:/usr/lib/python3/dist-packages/colcon_core/task/python/colcon_distutils_commands:/home/ubuntu/ros-/ros2_ws/install/my_robot_controller/lib/python3.12/site-packages:${PYTHONPATH} /usr/bin/python3 -W ignore:setup.py install is deprecated setup.py develop --editable --build-directory /home/ubuntu/ros-/ros2_ws/build/my_robot_controller/build --no-deps symlink_data --force
[0.485s] running develop
[0.485s] /usr/lib/python3/dist-packages/setuptools/command/develop.py:40: EasyInstallDeprecationWarning: easy_install command is deprecated.
[0.485s] !!
[0.485s] 
[0.485s]         ********************************************************************************
[0.485s]         Please avoid running ``setup.py`` and ``easy_install``.
[0.485s]         Instead, use pypa/build, pypa/installer or other
[0.485s]         standards-based tools.
[0.485s] 
[0.485s]         See https://github.com/pypa/setuptools/issues/917 for details.
[0.485s]         ********************************************************************************
[0.485s] 
[0.485s] !!
[0.485s]   easy_install.initialize_options(self)
[0.558s] running egg_info
[0.564s] writing my_robot_controller.egg-info/PKG-INFO
[0.565s] writing dependency_links to my_robot_controller.egg-info/dependency_links.txt
[0.565s] writing entry points to my_robot_controller.egg-info/entry_points.txt
[0.565s] writing requirements to my_robot_controller.egg-info/requires.txt
[0.565s] writing top-level names to my_robot_controller.egg-info/top_level.txt
[0.578s] reading manifest file 'my_robot_controller.egg-info/SOURCES.txt'
[0.579s] writing manifest file 'my_robot_controller.egg-info/SOURCES.txt'
[0.586s] running build_ext
[0.586s] Creating /home/ubuntu/ros-/ros2_ws/install/my_robot_controller/lib/python3.12/site-packages/my-robot-controller.egg-link (link to .)
[0.586s] Installing draw_cycle script to /home/ubuntu/ros-/ros2_ws/install/my_robot_controller/lib/my_robot_controller
[0.586s] Installing test_node script to /home/ubuntu/ros-/ros2_ws/install/my_robot_controller/lib/my_robot_controller
[0.587s] 
[0.587s] Installed /home/ubuntu/ros-/ros2_ws/build/my_robot_controller
[0.587s] running symlink_data
[0.587s] symbolically linking /home/ubuntu/ros-/ros2_ws/build/my_robot_controller/resource/my_robot_controller -> /home/ubuntu/ros-/ros2_ws/install/my_robot_controller/share/ament_index/resource_index/packages
[0.587s] symbolically linking /home/ubuntu/ros-/ros2_ws/build/my_robot_controller/package.xml -> /home/ubuntu/ros-/ros2_ws/install/my_robot_controller/share/my_robot_controller
[0.603s] Invoked command in '/home/ubuntu/ros-/ros2_ws/build/my_robot_controller' returned '0': PYTHONPATH=/home/ubuntu/ros-/ros2_ws/build/my_robot_controller/prefix_override:/usr/lib/python3/dist-packages/colcon_core/task/python/colcon_distutils_commands:/home/ubuntu/ros-/ros2_ws/install/my_robot_controller/lib/python3.12/site-packages:${PYTHONPATH} /usr/bin/python3 -W ignore:setup.py install is deprecated setup.py develop --editable --build-directory /home/ubuntu/ros-/ros2_ws/build/my_robot_controller/build --no-deps symlink_data --force
