[0.382s] Invoking command in '/home/ubuntu/ros-/ros2_ws/src/my_robot_controller': PYTHONPATH=/home/ubuntu/ros-/ros2_ws/build/my_robot_controller/prefix_override:/usr/lib/python3/dist-packages/colcon_core/task/python/colcon_distutils_commands:/home/ubuntu/ros-/ros2_ws/install/my_robot_controller/lib/python3.12/site-packages:${PYTHONPATH} /usr/bin/python3 -W ignore:setup.py install is deprecated setup.py egg_info --egg-base ../../build/my_robot_controller build --build-base /home/ubuntu/ros-/ros2_ws/build/my_robot_controller/build install --record /home/ubuntu/ros-/ros2_ws/build/my_robot_controller/install.log --single-version-externally-managed install_data
[0.502s] running egg_info
[0.509s] writing ../../build/my_robot_controller/my_robot_controller.egg-info/PKG-INFO
[0.509s] writing dependency_links to ../../build/my_robot_controller/my_robot_controller.egg-info/dependency_links.txt
[0.509s] writing entry points to ../../build/my_robot_controller/my_robot_controller.egg-info/entry_points.txt
[0.509s] writing requirements to ../../build/my_robot_controller/my_robot_controller.egg-info/requires.txt
[0.509s] writing top-level names to ../../build/my_robot_controller/my_robot_controller.egg-info/top_level.txt
[0.527s] reading manifest file '../../build/my_robot_controller/my_robot_controller.egg-info/SOURCES.txt'
[0.527s] writing manifest file '../../build/my_robot_controller/my_robot_controller.egg-info/SOURCES.txt'
[0.527s] running build
[0.527s] running build_py
[0.527s] copying my_robot_controller/pose_subscriber.py -> /home/ubuntu/ros-/ros2_ws/build/my_robot_controller/build/lib/my_robot_controller
[0.528s] running install
[0.531s] running install_lib
[0.539s] copying /home/ubuntu/ros-/ros2_ws/build/my_robot_controller/build/lib/my_robot_controller/pose_subscriber.py -> /home/ubuntu/ros-/ros2_ws/install/my_robot_controller/lib/python3.12/site-packages/my_robot_controller
[0.540s] byte-compiling /home/ubuntu/ros-/ros2_ws/install/my_robot_controller/lib/python3.12/site-packages/my_robot_controller/pose_subscriber.py to pose_subscriber.cpython-312.pyc
[0.540s] running install_data
[0.540s] running install_egg_info
[0.548s] removing '/home/ubuntu/ros-/ros2_ws/install/my_robot_controller/lib/python3.12/site-packages/my_robot_controller-0.0.0-py3.12.egg-info' (and everything under it)
[0.548s] Copying ../../build/my_robot_controller/my_robot_controller.egg-info to /home/ubuntu/ros-/ros2_ws/install/my_robot_controller/lib/python3.12/site-packages/my_robot_controller-0.0.0-py3.12.egg-info
[0.549s] running install_scripts
[0.608s] Installing draw_cycle script to /home/ubuntu/ros-/ros2_ws/install/my_robot_controller/lib/my_robot_controller
[0.609s] Installing pose_subscriber script to /home/ubuntu/ros-/ros2_ws/install/my_robot_controller/lib/my_robot_controller
[0.609s] Installing test_node script to /home/ubuntu/ros-/ros2_ws/install/my_robot_controller/lib/my_robot_controller
[0.609s] writing list of installed files to '/home/ubuntu/ros-/ros2_ws/build/my_robot_controller/install.log'
[0.625s] Invoked command in '/home/ubuntu/ros-/ros2_ws/src/my_robot_controller' returned '0': PYTHONPATH=/home/ubuntu/ros-/ros2_ws/build/my_robot_controller/prefix_override:/usr/lib/python3/dist-packages/colcon_core/task/python/colcon_distutils_commands:/home/ubuntu/ros-/ros2_ws/install/my_robot_controller/lib/python3.12/site-packages:${PYTHONPATH} /usr/bin/python3 -W ignore:setup.py install is deprecated setup.py egg_info --egg-base ../../build/my_robot_controller build --build-base /home/ubuntu/ros-/ros2_ws/build/my_robot_controller/build install --record /home/ubuntu/ros-/ros2_ws/build/my_robot_controller/install.log --single-version-externally-managed install_data
