[0.350s] Invoking command in '/home/ubuntu/ros-/ros2_ws/build/my_robot_controller': PYTHONPATH=/home/ubuntu/ros-/ros2_ws/build/my_robot_controller/prefix_override:/usr/lib/python3/dist-packages/colcon_core/task/python/colcon_distutils_commands:/home/ubuntu/ros-/ros2_ws/install/my_robot_controller/lib/python3.12/site-packages:${PYTHONPATH} /usr/bin/python3 -W ignore:setup.py install is deprecated setup.py develop --editable --build-directory /home/ubuntu/ros-/ros2_ws/build/my_robot_controller/build --no-deps symlink_data
[0.494s] running develop
[0.494s] /usr/lib/python3/dist-packages/setuptools/command/develop.py:40: EasyInstallDeprecationWarning: easy_install command is deprecated.
[0.494s] !!
[0.494s] 
[0.494s]         ********************************************************************************
[0.494s]         Please avoid running ``setup.py`` and ``easy_install``.
[0.494s]         Instead, use pypa/build, pypa/installer or other
[0.494s]         standards-based tools.
[0.494s] 
[0.494s]         See https://github.com/pypa/setuptools/issues/917 for details.
[0.494s]         ********************************************************************************
[0.494s] 
[0.494s] !!
[0.494s]   easy_install.initialize_options(self)
[0.570s] running egg_info
[0.577s] writing my_robot_controller.egg-info/PKG-INFO
[0.577s] writing dependency_links to my_robot_controller.egg-info/dependency_links.txt
[0.577s] writing entry points to my_robot_controller.egg-info/entry_points.txt
[0.577s] writing requirements to my_robot_controller.egg-info/requires.txt
[0.577s] writing top-level names to my_robot_controller.egg-info/top_level.txt
[0.591s] reading manifest file 'my_robot_controller.egg-info/SOURCES.txt'
[0.591s] writing manifest file 'my_robot_controller.egg-info/SOURCES.txt'
[0.599s] running build_ext
[0.599s] Creating /home/ubuntu/ros-/ros2_ws/install/my_robot_controller/lib/python3.12/site-packages/my-robot-controller.egg-link (link to .)
[0.599s] Installing draw_cycle script to /home/ubuntu/ros-/ros2_ws/install/my_robot_controller/lib/my_robot_controller
[0.599s] Installing test_node script to /home/ubuntu/ros-/ros2_ws/install/my_robot_controller/lib/my_robot_controller
[0.599s] 
[0.599s] Installed /home/ubuntu/ros-/ros2_ws/build/my_robot_controller
[0.599s] running symlink_data
[0.616s] Invoked command in '/home/ubuntu/ros-/ros2_ws/build/my_robot_controller' returned '0': PYTHONPATH=/home/ubuntu/ros-/ros2_ws/build/my_robot_controller/prefix_override:/usr/lib/python3/dist-packages/colcon_core/task/python/colcon_distutils_commands:/home/ubuntu/ros-/ros2_ws/install/my_robot_controller/lib/python3.12/site-packages:${PYTHONPATH} /usr/bin/python3 -W ignore:setup.py install is deprecated setup.py develop --editable --build-directory /home/ubuntu/ros-/ros2_ws/build/my_robot_controller/build --no-deps symlink_data
